Archive member included because of file (symbol)

c:/program files/atmel/avr studio 5.1/extensions/atmel/avrgcc/3.3.1.27/avrtoolchain/bin/../lib/gcc/avr/4.5.1/avr5\libgcc.a(_exit.o)
                              c:/program files/atmel/avr studio 5.1/extensions/atmel/avrgcc/3.3.1.27/avrtoolchain/bin/../lib/gcc/avr/4.5.1/../../../../avr/lib/avr5/crtm32.o (exit)
c:/program files/atmel/avr studio 5.1/extensions/atmel/avrgcc/3.3.1.27/avrtoolchain/bin/../lib/gcc/avr/4.5.1/avr5\libgcc.a(_copy_data.o)
                              my_keypad.o (__do_copy_data)
c:/program files/atmel/avr studio 5.1/extensions/atmel/avrgcc/3.3.1.27/avrtoolchain/bin/../lib/gcc/avr/4.5.1/avr5\libgcc.a(_clear_bss.o)
                              croutine.o (__do_clear_bss)
c:/program files/atmel/avr studio 5.1/extensions/atmel/avrgcc/3.3.1.27/avrtoolchain/bin/../lib/gcc/avr/4.5.1/../../../../avr/lib/avr5\libc.a(memcpy.o)
                              queue.o (memcpy)
c:/program files/atmel/avr studio 5.1/extensions/atmel/avrgcc/3.3.1.27/avrtoolchain/bin/../lib/gcc/avr/4.5.1/../../../../avr/lib/avr5\libc.a(memset.o)
                              tasks.o (memset)
c:/program files/atmel/avr studio 5.1/extensions/atmel/avrgcc/3.3.1.27/avrtoolchain/bin/../lib/gcc/avr/4.5.1/../../../../avr/lib/avr5\libc.a(strncpy.o)
                              tasks.o (strncpy)

Allocating common symbols
Common symbol       size              file

row_index           0x1               my_keypad.o
column_index        0x1               my_keypad.o
buffer              0x2               RTOS_LAB3_ATMEGA32.o

Memory Configuration

Name             Origin             Length             Attributes
text             0x00000000         0x00020000         xr
data             0x00800060         0x0000ffa0         rw !x
eeprom           0x00810000         0x00010000         rw !x
fuse             0x00820000         0x00000400         rw !x
lock             0x00830000         0x00000400         rw !x
signature        0x00840000         0x00000400         rw !x
*default*        0x00000000         0xffffffff

Linker script and memory map

LOAD c:/program files/atmel/avr studio 5.1/extensions/atmel/avrgcc/3.3.1.27/avrtoolchain/bin/../lib/gcc/avr/4.5.1/../../../../avr/lib/avr5/crtm32.o
LOAD croutine.o
LOAD heap_1.o
LOAD lcd_4bit.o
LOAD list.o
LOAD my_keypad.o
LOAD port.o
LOAD queue.o
LOAD RTOS_LAB3_ATMEGA32.o
LOAD tasks.o
LOAD timers.o
LOAD c:/program files/atmel/avr studio 5.1/extensions/atmel/avrgcc/3.3.1.27/avrtoolchain/bin/../lib/gcc/avr/4.5.1/../../../../avr/lib/avr5\libm.a
LOAD c:/program files/atmel/avr studio 5.1/extensions/atmel/avrgcc/3.3.1.27/avrtoolchain/bin/../lib/gcc/avr/4.5.1/avr5\libgcc.a
LOAD c:/program files/atmel/avr studio 5.1/extensions/atmel/avrgcc/3.3.1.27/avrtoolchain/bin/../lib/gcc/avr/4.5.1/../../../../avr/lib/avr5\libc.a
LOAD c:/program files/atmel/avr studio 5.1/extensions/atmel/avrgcc/3.3.1.27/avrtoolchain/bin/../lib/gcc/avr/4.5.1/avr5\libgcc.a

.hash
 *(.hash)

.dynsym
 *(.dynsym)

.dynstr
 *(.dynstr)

.gnu.version
 *(.gnu.version)

.gnu.version_d
 *(.gnu.version_d)

.gnu.version_r
 *(.gnu.version_r)

.rel.init
 *(.rel.init)

.rela.init
 *(.rela.init)

.rel.text
 *(.rel.text)
 *(.rel.text.*)
 *(.rel.gnu.linkonce.t*)

.rela.text
 *(.rela.text)
 *(.rela.text.*)
 *(.rela.gnu.linkonce.t*)

.rel.fini
 *(.rel.fini)

.rela.fini
 *(.rela.fini)

.rel.rodata
 *(.rel.rodata)
 *(.rel.rodata.*)
 *(.rel.gnu.linkonce.r*)

.rela.rodata
 *(.rela.rodata)
 *(.rela.rodata.*)
 *(.rela.gnu.linkonce.r*)

.rel.data
 *(.rel.data)
 *(.rel.data.*)
 *(.rel.gnu.linkonce.d*)

.rela.data
 *(.rela.data)
 *(.rela.data.*)
 *(.rela.gnu.linkonce.d*)

.rel.ctors
 *(.rel.ctors)

.rela.ctors
 *(.rela.ctors)

.rel.dtors
 *(.rel.dtors)

.rela.dtors
 *(.rela.dtors)

.rel.got
 *(.rel.got)

.rela.got
 *(.rela.got)

.rel.bss
 *(.rel.bss)

.rela.bss
 *(.rela.bss)

.rel.plt
 *(.rel.plt)

.rela.plt
 *(.rela.plt)

.text           0x00000000     0x1ca2
 *(.vectors)
 .vectors       0x00000000       0x54 c:/program files/atmel/avr studio 5.1/extensions/atmel/avrgcc/3.3.1.27/avrtoolchain/bin/../lib/gcc/avr/4.5.1/../../../../avr/lib/avr5/crtm32.o
                0x00000000                __vector_default
                0x00000000                __vectors
 *(.vectors)
 *(.progmem.gcc*)
 *(.progmem*)
                0x00000054                . = ALIGN (0x2)
                0x00000054                __trampolines_start = .
 *(.trampolines)
 .trampolines   0x00000054        0x0 linker stubs
 *(.trampolines*)
                0x00000054                __trampolines_end = .
 *(.jumptables)
 *(.jumptables*)
 *(.lowtext)
 *(.lowtext*)
                0x00000054                __ctors_start = .
 *(.ctors)
                0x00000054                __ctors_end = .
                0x00000054                __dtors_start = .
 *(.dtors)
                0x00000054                __dtors_end = .
 SORT(*)(.ctors)
 SORT(*)(.dtors)
 *(.init0)
 .init0         0x00000054        0x0 c:/program files/atmel/avr studio 5.1/extensions/atmel/avrgcc/3.3.1.27/avrtoolchain/bin/../lib/gcc/avr/4.5.1/../../../../avr/lib/avr5/crtm32.o
                0x00000054                __init
 *(.init0)
 *(.init1)
 *(.init1)
 *(.init2)
 .init2         0x00000054        0xc c:/program files/atmel/avr studio 5.1/extensions/atmel/avrgcc/3.3.1.27/avrtoolchain/bin/../lib/gcc/avr/4.5.1/../../../../avr/lib/avr5/crtm32.o
 *(.init2)
 *(.init3)
 *(.init3)
 *(.init4)
 .init4         0x00000060       0x16 c:/program files/atmel/avr studio 5.1/extensions/atmel/avrgcc/3.3.1.27/avrtoolchain/bin/../lib/gcc/avr/4.5.1/avr5\libgcc.a(_copy_data.o)
                0x00000060                __do_copy_data
 .init4         0x00000076       0x10 c:/program files/atmel/avr studio 5.1/extensions/atmel/avrgcc/3.3.1.27/avrtoolchain/bin/../lib/gcc/avr/4.5.1/avr5\libgcc.a(_clear_bss.o)
                0x00000076                __do_clear_bss
 *(.init4)
 *(.init5)
 *(.init5)
 *(.init6)
 *(.init6)
 *(.init7)
 *(.init7)
 *(.init8)
 *(.init8)
 *(.init9)
 .init9         0x00000086        0x8 c:/program files/atmel/avr studio 5.1/extensions/atmel/avrgcc/3.3.1.27/avrtoolchain/bin/../lib/gcc/avr/4.5.1/../../../../avr/lib/avr5/crtm32.o
 *(.init9)
 *(.text)
 .text          0x0000008e        0x4 c:/program files/atmel/avr studio 5.1/extensions/atmel/avrgcc/3.3.1.27/avrtoolchain/bin/../lib/gcc/avr/4.5.1/../../../../avr/lib/avr5/crtm32.o
                0x0000008e                __vector_1
                0x0000008e                __vector_12
                0x0000008e                __bad_interrupt
                0x0000008e                __vector_6
                0x0000008e                __vector_3
                0x0000008e                __vector_11
                0x0000008e                __vector_13
                0x0000008e                __vector_17
                0x0000008e                __vector_19
                0x0000008e                __vector_5
                0x0000008e                __vector_4
                0x0000008e                __vector_9
                0x0000008e                __vector_2
                0x0000008e                __vector_15
                0x0000008e                __vector_8
                0x0000008e                __vector_14
                0x0000008e                __vector_10
                0x0000008e                __vector_16
                0x0000008e                __vector_18
                0x0000008e                __vector_20
 .text          0x00000092      0x46e croutine.o
                0x00000092                xCoRoutineCreate
                0x0000019e                vCoRoutineAddToDelayedList
                0x00000222                vCoRoutineSchedule
                0x000004b2                xCoRoutineRemoveFromEventList
 .text          0x00000500       0x7e heap_1.o
                0x00000500                pvPortMalloc
                0x0000055c                vPortFree
                0x0000055e                vPortInitialiseBlocks
                0x00000568                xPortGetFreeHeapSize
 .text          0x0000057e      0x11a lcd_4bit.o
                0x0000057e                enableTrigger
                0x0000059c                lcd_sendCommand
                0x000005d0                lcd_init
                0x000005f2                lcd_displayChar
                0x00000626                lcd_gotoxy
                0x00000658                lcd_clrScreen
                0x00000660                lcd_dispString
                0x0000067e                lcd_disp_string_xy
 .text          0x00000698      0x13c list.o
                0x00000698                vListInitialise
                0x000006b4                vListInitialiseItem
                0x000006bc                vListInsertEnd
                0x0000070a                vListInsert
                0x00000788                vListRemove
 .text          0x000007d4       0xee my_keypad.o
                0x000007d4                keypad_init
                0x000007de                getPressed
 .text          0x000008c2      0x270 port.o
                0x000008c2                pxPortInitialiseStack
                0x00000958                xPortStartScheduler
                0x000009c2                vPortEndScheduler
                0x000009c4                vPortYield
                0x00000a76                vPortYieldFromTick
                0x00000b2c                __vector_7
 .text          0x00000b32      0x626 queue.o
                0x00000c8e                xQueueCreate
                0x00000d6c                xQueueCreateCountingSemaphore
                0x00000d86                xQueueGenericSend
                0x00000ede                xQueueGenericSendFromISR
                0x00000f36                xQueueGenericReceive
                0x000010b4                xQueueReceiveFromISR
                0x0000110e                uxQueueMessagesWaiting
                0x0000111e                uxQueueMessagesWaitingFromISR
                0x00001124                vQueueDelete
                0x0000113e                xQueueIsQueueEmptyFromISR
                0x0000114a                xQueueIsQueueFullFromISR
 .text          0x00001158      0x110 RTOS_LAB3_ATMEGA32.o
                0x00001158                LcdTask
                0x000011b6                KeypadTask
                0x000011f2                main
 .text          0x00001268      0x9f8 tasks.o
                0x000012d6                xTaskGenericCreate
                0x00001500                vTaskDelete
                0x0000159c                vTaskStartScheduler
                0x000015f2                vTaskEndScheduler
                0x000015fe                vTaskSuspendAll
                0x0000160a                xTaskGetTickCount
                0x00001622                xTaskGetTickCountFromISR
                0x00001630                uxTaskGetNumberOfTasks
                0x00001636                vTaskIncrementTick
                0x000017c2                xTaskResumeAll
                0x00001958                vTaskDelay
                0x000019a0                vTaskDelayUntil
                0x00001a34                vTaskSwitchContext
                0x00001b10                vTaskPlaceOnEventList
                0x00001b4a                xTaskRemoveFromEventList
                0x00001bd6                vTaskSetTimeOutState
                0x00001bec                xTaskCheckForTimeOut
                0x00001c58                vTaskMissedYield
 .text          0x00001c60        0x0 timers.o
 .text          0x00001c60        0x0 c:/program files/atmel/avr studio 5.1/extensions/atmel/avrgcc/3.3.1.27/avrtoolchain/bin/../lib/gcc/avr/4.5.1/avr5\libgcc.a(_exit.o)
 .text          0x00001c60        0x0 c:/program files/atmel/avr studio 5.1/extensions/atmel/avrgcc/3.3.1.27/avrtoolchain/bin/../lib/gcc/avr/4.5.1/avr5\libgcc.a(_copy_data.o)
 .text          0x00001c60        0x0 c:/program files/atmel/avr studio 5.1/extensions/atmel/avrgcc/3.3.1.27/avrtoolchain/bin/../lib/gcc/avr/4.5.1/avr5\libgcc.a(_clear_bss.o)
 .text          0x00001c60        0x0 c:/program files/atmel/avr studio 5.1/extensions/atmel/avrgcc/3.3.1.27/avrtoolchain/bin/../lib/gcc/avr/4.5.1/../../../../avr/lib/avr5\libc.a(memcpy.o)
 .text          0x00001c60        0x0 c:/program files/atmel/avr studio 5.1/extensions/atmel/avrgcc/3.3.1.27/avrtoolchain/bin/../lib/gcc/avr/4.5.1/../../../../avr/lib/avr5\libc.a(memset.o)
 .text          0x00001c60        0x0 c:/program files/atmel/avr studio 5.1/extensions/atmel/avrgcc/3.3.1.27/avrtoolchain/bin/../lib/gcc/avr/4.5.1/../../../../avr/lib/avr5\libc.a(strncpy.o)
                0x00001c60                . = ALIGN (0x2)
 *(.text.*)
 .text.libgcc   0x00001c60        0x0 c:/program files/atmel/avr studio 5.1/extensions/atmel/avrgcc/3.3.1.27/avrtoolchain/bin/../lib/gcc/avr/4.5.1/avr5\libgcc.a(_exit.o)
 .text.libgcc   0x00001c60        0x0 c:/program files/atmel/avr studio 5.1/extensions/atmel/avrgcc/3.3.1.27/avrtoolchain/bin/../lib/gcc/avr/4.5.1/avr5\libgcc.a(_copy_data.o)
 .text.libgcc   0x00001c60        0x0 c:/program files/atmel/avr studio 5.1/extensions/atmel/avrgcc/3.3.1.27/avrtoolchain/bin/../lib/gcc/avr/4.5.1/avr5\libgcc.a(_clear_bss.o)
 .text.avr-libc
                0x00001c60       0x12 c:/program files/atmel/avr studio 5.1/extensions/atmel/avrgcc/3.3.1.27/avrtoolchain/bin/../lib/gcc/avr/4.5.1/../../../../avr/lib/avr5\libc.a(memcpy.o)
                0x00001c60                memcpy
 .text.avr-libc
                0x00001c72        0xe c:/program files/atmel/avr studio 5.1/extensions/atmel/avrgcc/3.3.1.27/avrtoolchain/bin/../lib/gcc/avr/4.5.1/../../../../avr/lib/avr5\libc.a(memset.o)
                0x00001c72                memset
 .text.avr-libc
                0x00001c80       0x1e c:/program files/atmel/avr studio 5.1/extensions/atmel/avrgcc/3.3.1.27/avrtoolchain/bin/../lib/gcc/avr/4.5.1/../../../../avr/lib/avr5\libc.a(strncpy.o)
                0x00001c80                strncpy
                0x00001c9e                . = ALIGN (0x2)
 *(.fini9)
 .fini9         0x00001c9e        0x0 c:/program files/atmel/avr studio 5.1/extensions/atmel/avrgcc/3.3.1.27/avrtoolchain/bin/../lib/gcc/avr/4.5.1/avr5\libgcc.a(_exit.o)
                0x00001c9e                _exit
                0x00001c9e                exit
 *(.fini9)
 *(.fini8)
 *(.fini8)
 *(.fini7)
 *(.fini7)
 *(.fini6)
 *(.fini6)
 *(.fini5)
 *(.fini5)
 *(.fini4)
 *(.fini4)
 *(.fini3)
 *(.fini3)
 *(.fini2)
 *(.fini2)
 *(.fini1)
 *(.fini1)
 *(.fini0)
 .fini0         0x00001c9e        0x4 c:/program files/atmel/avr studio 5.1/extensions/atmel/avrgcc/3.3.1.27/avrtoolchain/bin/../lib/gcc/avr/4.5.1/avr5\libgcc.a(_exit.o)
 *(.fini0)
                0x00001ca2                _etext = .

.data           0x00800060       0x32 load address 0x00001ca2
                0x00800060                PROVIDE (__data_start, .)
 *(.data)
 .data          0x00800060        0x0 c:/program files/atmel/avr studio 5.1/extensions/atmel/avrgcc/3.3.1.27/avrtoolchain/bin/../lib/gcc/avr/4.5.1/../../../../avr/lib/avr5/crtm32.o
 .data          0x00800060        0x0 croutine.o
 .data          0x00800060        0x0 heap_1.o
 .data          0x00800060        0x0 lcd_4bit.o
 .data          0x00800060        0x0 list.o
 .data          0x00800060       0x12 my_keypad.o
                0x00800060                return_val
                0x00800061                row_val
                0x00800062                keys_matrix
 .data          0x00800072        0x0 port.o
 .data          0x00800072        0x0 queue.o
 .data          0x00800072       0x18 RTOS_LAB3_ATMEGA32.o
 .data          0x0080008a        0x7 tasks.o
 .data          0x00800091        0x0 timers.o
 .data          0x00800091        0x0 c:/program files/atmel/avr studio 5.1/extensions/atmel/avrgcc/3.3.1.27/avrtoolchain/bin/../lib/gcc/avr/4.5.1/avr5\libgcc.a(_exit.o)
 .data          0x00800091        0x0 c:/program files/atmel/avr studio 5.1/extensions/atmel/avrgcc/3.3.1.27/avrtoolchain/bin/../lib/gcc/avr/4.5.1/avr5\libgcc.a(_copy_data.o)
 .data          0x00800091        0x0 c:/program files/atmel/avr studio 5.1/extensions/atmel/avrgcc/3.3.1.27/avrtoolchain/bin/../lib/gcc/avr/4.5.1/avr5\libgcc.a(_clear_bss.o)
 .data          0x00800091        0x0 c:/program files/atmel/avr studio 5.1/extensions/atmel/avrgcc/3.3.1.27/avrtoolchain/bin/../lib/gcc/avr/4.5.1/../../../../avr/lib/avr5\libc.a(memcpy.o)
 .data          0x00800091        0x0 c:/program files/atmel/avr studio 5.1/extensions/atmel/avrgcc/3.3.1.27/avrtoolchain/bin/../lib/gcc/avr/4.5.1/../../../../avr/lib/avr5\libc.a(memset.o)
 .data          0x00800091        0x0 c:/program files/atmel/avr studio 5.1/extensions/atmel/avrgcc/3.3.1.27/avrtoolchain/bin/../lib/gcc/avr/4.5.1/../../../../avr/lib/avr5\libc.a(strncpy.o)
 *(.data*)
 *(.rodata)
 *(.rodata*)
 *(.gnu.linkonce.d*)
                0x00800092                . = ALIGN (0x2)
 *fill*         0x00800091        0x1 00
                0x00800092                _edata = .
                0x00800092                PROVIDE (__data_end, .)

.bss            0x00800092      0x2e1
                0x00800092                PROVIDE (__bss_start, .)
 *(.bss)
 .bss           0x00800092        0x0 c:/program files/atmel/avr studio 5.1/extensions/atmel/avrgcc/3.3.1.27/avrtoolchain/bin/../lib/gcc/avr/4.5.1/../../../../avr/lib/avr5/crtm32.o
 .bss           0x00800092       0x3a croutine.o
                0x00800092                pxCurrentCoRoutine
 .bss           0x008000cc      0x25a heap_1.o
 .bss           0x00800326        0x0 lcd_4bit.o
 .bss           0x00800326        0x0 list.o
 .bss           0x00800326        0x0 my_keypad.o
 .bss           0x00800326        0x0 port.o
 .bss           0x00800326        0x0 queue.o
 .bss           0x00800326        0x1 RTOS_LAB3_ATMEGA32.o
 .bss           0x00800327       0x48 tasks.o
                0x00800327                pxCurrentTCB
 .bss           0x0080036f        0x0 timers.o
 .bss           0x0080036f        0x0 c:/program files/atmel/avr studio 5.1/extensions/atmel/avrgcc/3.3.1.27/avrtoolchain/bin/../lib/gcc/avr/4.5.1/avr5\libgcc.a(_exit.o)
 .bss           0x0080036f        0x0 c:/program files/atmel/avr studio 5.1/extensions/atmel/avrgcc/3.3.1.27/avrtoolchain/bin/../lib/gcc/avr/4.5.1/avr5\libgcc.a(_copy_data.o)
 .bss           0x0080036f        0x0 c:/program files/atmel/avr studio 5.1/extensions/atmel/avrgcc/3.3.1.27/avrtoolchain/bin/../lib/gcc/avr/4.5.1/avr5\libgcc.a(_clear_bss.o)
 .bss           0x0080036f        0x0 c:/program files/atmel/avr studio 5.1/extensions/atmel/avrgcc/3.3.1.27/avrtoolchain/bin/../lib/gcc/avr/4.5.1/../../../../avr/lib/avr5\libc.a(memcpy.o)
 .bss           0x0080036f        0x0 c:/program files/atmel/avr studio 5.1/extensions/atmel/avrgcc/3.3.1.27/avrtoolchain/bin/../lib/gcc/avr/4.5.1/../../../../avr/lib/avr5\libc.a(memset.o)
 .bss           0x0080036f        0x0 c:/program files/atmel/avr studio 5.1/extensions/atmel/avrgcc/3.3.1.27/avrtoolchain/bin/../lib/gcc/avr/4.5.1/../../../../avr/lib/avr5\libc.a(strncpy.o)
 *(.bss*)
 *(COMMON)
 COMMON         0x0080036f        0x2 my_keypad.o
                0x0080036f                row_index
                0x00800370                column_index
 COMMON         0x00800371        0x2 RTOS_LAB3_ATMEGA32.o
                0x00800371                buffer
                0x00800373                PROVIDE (__bss_end, .)
                0x00001ca2                __data_load_start = LOADADDR (.data)
                0x00001cd4                __data_load_end = (__data_load_start + SIZEOF (.data))

.noinit         0x00800373        0x0
                0x00800373                PROVIDE (__noinit_start, .)
 *(.noinit*)
                0x00800373                PROVIDE (__noinit_end, .)
                0x00800373                _end = .
                0x00800373                PROVIDE (__heap_start, .)

.eeprom         0x00810000        0x0
 *(.eeprom*)
                0x00810000                __eeprom_end = .

.fuse
 *(.fuse)
 *(.lfuse)
 *(.hfuse)
 *(.efuse)

.lock
 *(.lock*)

.signature
 *(.signature*)

.stab           0x00000000      0x888
 *(.stab)
 .stab          0x00000000      0x6cc c:/program files/atmel/avr studio 5.1/extensions/atmel/avrgcc/3.3.1.27/avrtoolchain/bin/../lib/gcc/avr/4.5.1/../../../../avr/lib/avr5/crtm32.o
 .stab          0x000006cc       0x84 c:/program files/atmel/avr studio 5.1/extensions/atmel/avrgcc/3.3.1.27/avrtoolchain/bin/../lib/gcc/avr/4.5.1/../../../../avr/lib/avr5\libc.a(memcpy.o)
                                 0x90 (size before relaxing)
 .stab          0x00000750       0x6c c:/program files/atmel/avr studio 5.1/extensions/atmel/avrgcc/3.3.1.27/avrtoolchain/bin/../lib/gcc/avr/4.5.1/../../../../avr/lib/avr5\libc.a(memset.o)
                                 0x78 (size before relaxing)
 .stab          0x000007bc       0xcc c:/program files/atmel/avr studio 5.1/extensions/atmel/avrgcc/3.3.1.27/avrtoolchain/bin/../lib/gcc/avr/4.5.1/../../../../avr/lib/avr5\libc.a(strncpy.o)
                                 0xd8 (size before relaxing)

.stabstr        0x00000000      0x1d8
 *(.stabstr)
 .stabstr       0x00000000      0x1d8 c:/program files/atmel/avr studio 5.1/extensions/atmel/avrgcc/3.3.1.27/avrtoolchain/bin/../lib/gcc/avr/4.5.1/../../../../avr/lib/avr5/crtm32.o

.stab.excl
 *(.stab.excl)

.stab.exclstr
 *(.stab.exclstr)

.stab.index
 *(.stab.index)

.stab.indexstr
 *(.stab.indexstr)

.comment
 *(.comment)

.debug
 *(.debug)

.line
 *(.line)

.debug_srcinfo
 *(.debug_srcinfo)

.debug_sfnames
 *(.debug_sfnames)

.debug_aranges  0x00000000      0x120
 *(.debug_aranges)
 .debug_aranges
                0x00000000       0x20 croutine.o
 .debug_aranges
                0x00000020       0x20 heap_1.o
 .debug_aranges
                0x00000040       0x20 lcd_4bit.o
 .debug_aranges
                0x00000060       0x20 list.o
 .debug_aranges
                0x00000080       0x20 my_keypad.o
 .debug_aranges
                0x000000a0       0x20 port.o
 .debug_aranges
                0x000000c0       0x20 queue.o
 .debug_aranges
                0x000000e0       0x20 RTOS_LAB3_ATMEGA32.o
 .debug_aranges
                0x00000100       0x20 tasks.o

.debug_pubnames
                0x00000000      0x649
 *(.debug_pubnames)
 .debug_pubnames
                0x00000000       0x96 croutine.o
 .debug_pubnames
                0x00000096       0x64 heap_1.o
 .debug_pubnames
                0x000000fa       0xa4 lcd_4bit.o
 .debug_pubnames
                0x0000019e       0x71 list.o
 .debug_pubnames
                0x0000020f       0x7b my_keypad.o
 .debug_pubnames
                0x0000028a       0x8f port.o
 .debug_pubnames
                0x00000319      0x133 queue.o
 .debug_pubnames
                0x0000044c       0x41 RTOS_LAB3_ATMEGA32.o
 .debug_pubnames
                0x0000048d      0x1bc tasks.o

.debug_info     0x00000000     0x252a
 *(.debug_info)
 .debug_info    0x00000000      0x51f croutine.o
 .debug_info    0x0000051f      0x16a heap_1.o
 .debug_info    0x00000689      0x302 lcd_4bit.o
 .debug_info    0x0000098b      0x2a7 list.o
 .debug_info    0x00000c32      0x21e my_keypad.o
 .debug_info    0x00000e50      0x1e1 port.o
 .debug_info    0x00001031      0x7ca queue.o
 .debug_info    0x000017fb      0x14a RTOS_LAB3_ATMEGA32.o
 .debug_info    0x00001945      0xb79 tasks.o
 .debug_info    0x000024be       0x6c timers.o
 *(.gnu.linkonce.wi.*)

.debug_abbrev   0x00000000      0xc51
 *(.debug_abbrev)
 .debug_abbrev  0x00000000      0x1dc croutine.o
 .debug_abbrev  0x000001dc      0x10b heap_1.o
 .debug_abbrev  0x000002e7      0x166 lcd_4bit.o
 .debug_abbrev  0x0000044d       0xd4 list.o
 .debug_abbrev  0x00000521      0x140 my_keypad.o
 .debug_abbrev  0x00000661      0x113 port.o
 .debug_abbrev  0x00000774      0x1ad queue.o
 .debug_abbrev  0x00000921       0xca RTOS_LAB3_ATMEGA32.o
 .debug_abbrev  0x000009eb      0x23c tasks.o
 .debug_abbrev  0x00000c27       0x2a timers.o

.debug_line     0x00000000     0x215d
 *(.debug_line)
 .debug_line    0x00000000      0x32c croutine.o
 .debug_line    0x0000032c      0x15a heap_1.o
 .debug_line    0x00000486      0x3bc lcd_4bit.o
 .debug_line    0x00000842      0x1b6 list.o
 .debug_line    0x000009f8      0x264 my_keypad.o
 .debug_line    0x00000c5c      0x32e port.o
 .debug_line    0x00000f8a      0x748 queue.o
 .debug_line    0x000016d2      0x141 RTOS_LAB3_ATMEGA32.o
 .debug_line    0x00001813      0x90c tasks.o
 .debug_line    0x0000211f       0x3e timers.o

.debug_frame    0x00000000      0x4b0
 *(.debug_frame)
 .debug_frame   0x00000000       0x50 croutine.o
 .debug_frame   0x00000050       0x50 heap_1.o
 .debug_frame   0x000000a0       0x90 lcd_4bit.o
 .debug_frame   0x00000130       0x60 list.o
 .debug_frame   0x00000190       0x30 my_keypad.o
 .debug_frame   0x000001c0       0x70 port.o
 .debug_frame   0x00000230       0xf0 queue.o
 .debug_frame   0x00000320       0x40 RTOS_LAB3_ATMEGA32.o
 .debug_frame   0x00000360      0x150 tasks.o

.debug_str      0x00000000      0xfb9
 *(.debug_str)
 .debug_str     0x00000000      0x3d6 croutine.o
                                0x41d (size before relaxing)
 .debug_str     0x000003d6       0x9a heap_1.o
                                0x169 (size before relaxing)
 .debug_str     0x00000470      0x115 lcd_4bit.o
                                0x1d1 (size before relaxing)
 .debug_str     0x00000585       0x9f list.o
                                0x1f9 (size before relaxing)
 .debug_str     0x00000624       0x5e my_keypad.o
                                0x183 (size before relaxing)
 .debug_str     0x00000682       0xe3 port.o
                                0x1c7 (size before relaxing)
 .debug_str     0x00000765      0x335 queue.o
                                0x4c7 (size before relaxing)
 .debug_str     0x00000a9a       0x41 RTOS_LAB3_ATMEGA32.o
                                0x137 (size before relaxing)
 .debug_str     0x00000adb      0x4d0 tasks.o
                                0x730 (size before relaxing)
 .debug_str     0x00000fab        0xe timers.o
                                 0xdd (size before relaxing)

.debug_loc      0x00000000     0x1701
 *(.debug_loc)
 .debug_loc     0x00000000      0x21c croutine.o
 .debug_loc     0x0000021c       0x78 heap_1.o
 .debug_loc     0x00000294      0x21f lcd_4bit.o
 .debug_loc     0x000004b3      0x120 list.o
 .debug_loc     0x000005d3      0x2d0 port.o
 .debug_loc     0x000008a3      0x602 queue.o
 .debug_loc     0x00000ea5       0x43 RTOS_LAB3_ATMEGA32.o
 .debug_loc     0x00000ee8      0x819 tasks.o

.debug_macinfo
 *(.debug_macinfo)
OUTPUT(RTOS_LAB3_ATMEGA32.elf elf32-avr)
LOAD linker stubs

.debug_pubtypes
                0x00000000      0x448
 .debug_pubtypes
                0x00000000       0xcd croutine.o
 .debug_pubtypes
                0x000000cd       0x2c heap_1.o
 .debug_pubtypes
                0x000000f9       0x38 lcd_4bit.o
 .debug_pubtypes
                0x00000131       0x7a list.o
 .debug_pubtypes
                0x000001ab       0x38 my_keypad.o
 .debug_pubtypes
                0x000001e3       0x3f port.o
 .debug_pubtypes
                0x00000222       0xd4 queue.o
 .debug_pubtypes
                0x000002f6       0x34 RTOS_LAB3_ATMEGA32.o
 .debug_pubtypes
                0x0000032a      0x10c tasks.o
 .debug_pubtypes
                0x00000436       0x12 timers.o

.debug_ranges   0x00000000       0x90
 .debug_ranges  0x00000000       0x18 croutine.o
 .debug_ranges  0x00000018       0x78 tasks.o
