Archive member included because of file (symbol)

c:/program files/atmel/avr studio 5.1/extensions/atmel/avrgcc/3.3.1.27/avrtoolchain/bin/../lib/gcc/avr/4.5.1/avr5\libgcc.a(_exit.o)
                              c:/program files/atmel/avr studio 5.1/extensions/atmel/avrgcc/3.3.1.27/avrtoolchain/bin/../lib/gcc/avr/4.5.1/../../../../avr/lib/avr5/crtm32.o (exit)
c:/program files/atmel/avr studio 5.1/extensions/atmel/avrgcc/3.3.1.27/avrtoolchain/bin/../lib/gcc/avr/4.5.1/avr5\libgcc.a(_copy_data.o)
                              RTOS_LAB2_ATMEGA32.o (__do_copy_data)
c:/program files/atmel/avr studio 5.1/extensions/atmel/avrgcc/3.3.1.27/avrtoolchain/bin/../lib/gcc/avr/4.5.1/avr5\libgcc.a(_clear_bss.o)
                              croutine.o (__do_clear_bss)
c:/program files/atmel/avr studio 5.1/extensions/atmel/avrgcc/3.3.1.27/avrtoolchain/bin/../lib/gcc/avr/4.5.1/../../../../avr/lib/avr5\libc.a(memcpy.o)
                              queue.o (memcpy)
c:/program files/atmel/avr studio 5.1/extensions/atmel/avrgcc/3.3.1.27/avrtoolchain/bin/../lib/gcc/avr/4.5.1/../../../../avr/lib/avr5\libc.a(memset.o)
                              tasks.o (memset)
c:/program files/atmel/avr studio 5.1/extensions/atmel/avrgcc/3.3.1.27/avrtoolchain/bin/../lib/gcc/avr/4.5.1/../../../../avr/lib/avr5\libc.a(strncpy.o)
                              tasks.o (strncpy)

Allocating common symbols
Common symbol       size              file

task_sync_sem       0x2               RTOS_LAB2_ATMEGA32.o

Memory Configuration

Name             Origin             Length             Attributes
text             0x00000000         0x00020000         xr
data             0x00800060         0x0000ffa0         rw !x
eeprom           0x00810000         0x00010000         rw !x
fuse             0x00820000         0x00000400         rw !x
lock             0x00830000         0x00000400         rw !x
signature        0x00840000         0x00000400         rw !x
*default*        0x00000000         0xffffffff

Linker script and memory map

LOAD c:/program files/atmel/avr studio 5.1/extensions/atmel/avrgcc/3.3.1.27/avrtoolchain/bin/../lib/gcc/avr/4.5.1/../../../../avr/lib/avr5/crtm32.o
LOAD croutine.o
LOAD heap_1.o
LOAD lcd_4bit.o
LOAD list.o
LOAD port.o
LOAD queue.o
LOAD RTOS_LAB2_ATMEGA32.o
LOAD tasks.o
LOAD timers.o
LOAD c:/program files/atmel/avr studio 5.1/extensions/atmel/avrgcc/3.3.1.27/avrtoolchain/bin/../lib/gcc/avr/4.5.1/../../../../avr/lib/avr5\libm.a
LOAD c:/program files/atmel/avr studio 5.1/extensions/atmel/avrgcc/3.3.1.27/avrtoolchain/bin/../lib/gcc/avr/4.5.1/avr5\libgcc.a
LOAD c:/program files/atmel/avr studio 5.1/extensions/atmel/avrgcc/3.3.1.27/avrtoolchain/bin/../lib/gcc/avr/4.5.1/../../../../avr/lib/avr5\libc.a
LOAD c:/program files/atmel/avr studio 5.1/extensions/atmel/avrgcc/3.3.1.27/avrtoolchain/bin/../lib/gcc/avr/4.5.1/avr5\libgcc.a

.hash
 *(.hash)

.dynsym
 *(.dynsym)

.dynstr
 *(.dynstr)

.gnu.version
 *(.gnu.version)

.gnu.version_d
 *(.gnu.version_d)

.gnu.version_r
 *(.gnu.version_r)

.rel.init
 *(.rel.init)

.rela.init
 *(.rela.init)

.rel.text
 *(.rel.text)
 *(.rel.text.*)
 *(.rel.gnu.linkonce.t*)

.rela.text
 *(.rela.text)
 *(.rela.text.*)
 *(.rela.gnu.linkonce.t*)

.rel.fini
 *(.rel.fini)

.rela.fini
 *(.rela.fini)

.rel.rodata
 *(.rel.rodata)
 *(.rel.rodata.*)
 *(.rel.gnu.linkonce.r*)

.rela.rodata
 *(.rela.rodata)
 *(.rela.rodata.*)
 *(.rela.gnu.linkonce.r*)

.rel.data
 *(.rel.data)
 *(.rel.data.*)
 *(.rel.gnu.linkonce.d*)

.rela.data
 *(.rela.data)
 *(.rela.data.*)
 *(.rela.gnu.linkonce.d*)

.rel.ctors
 *(.rel.ctors)

.rela.ctors
 *(.rela.ctors)

.rel.dtors
 *(.rel.dtors)

.rela.dtors
 *(.rela.dtors)

.rel.got
 *(.rel.got)

.rela.got
 *(.rela.got)

.rel.bss
 *(.rel.bss)

.rela.bss
 *(.rela.bss)

.rel.plt
 *(.rel.plt)

.rela.plt
 *(.rela.plt)

.text           0x00000000     0x1de6
 *(.vectors)
 .vectors       0x00000000       0x54 c:/program files/atmel/avr studio 5.1/extensions/atmel/avrgcc/3.3.1.27/avrtoolchain/bin/../lib/gcc/avr/4.5.1/../../../../avr/lib/avr5/crtm32.o
                0x00000000                __vector_default
                0x00000000                __vectors
 *(.vectors)
 *(.progmem.gcc*)
 *(.progmem*)
                0x00000054                . = ALIGN (0x2)
                0x00000054                __trampolines_start = .
 *(.trampolines)
 .trampolines   0x00000054        0x0 linker stubs
 *(.trampolines*)
                0x00000054                __trampolines_end = .
 *(.jumptables)
 *(.jumptables*)
 *(.lowtext)
 *(.lowtext*)
                0x00000054                __ctors_start = .
 *(.ctors)
                0x00000054                __ctors_end = .
                0x00000054                __dtors_start = .
 *(.dtors)
                0x00000054                __dtors_end = .
 SORT(*)(.ctors)
 SORT(*)(.dtors)
 *(.init0)
 .init0         0x00000054        0x0 c:/program files/atmel/avr studio 5.1/extensions/atmel/avrgcc/3.3.1.27/avrtoolchain/bin/../lib/gcc/avr/4.5.1/../../../../avr/lib/avr5/crtm32.o
                0x00000054                __init
 *(.init0)
 *(.init1)
 *(.init1)
 *(.init2)
 .init2         0x00000054        0xc c:/program files/atmel/avr studio 5.1/extensions/atmel/avrgcc/3.3.1.27/avrtoolchain/bin/../lib/gcc/avr/4.5.1/../../../../avr/lib/avr5/crtm32.o
 *(.init2)
 *(.init3)
 *(.init3)
 *(.init4)
 .init4         0x00000060       0x16 c:/program files/atmel/avr studio 5.1/extensions/atmel/avrgcc/3.3.1.27/avrtoolchain/bin/../lib/gcc/avr/4.5.1/avr5\libgcc.a(_copy_data.o)
                0x00000060                __do_copy_data
 .init4         0x00000076       0x10 c:/program files/atmel/avr studio 5.1/extensions/atmel/avrgcc/3.3.1.27/avrtoolchain/bin/../lib/gcc/avr/4.5.1/avr5\libgcc.a(_clear_bss.o)
                0x00000076                __do_clear_bss
 *(.init4)
 *(.init5)
 *(.init5)
 *(.init6)
 *(.init6)
 *(.init7)
 *(.init7)
 *(.init8)
 *(.init8)
 *(.init9)
 .init9         0x00000086        0x8 c:/program files/atmel/avr studio 5.1/extensions/atmel/avrgcc/3.3.1.27/avrtoolchain/bin/../lib/gcc/avr/4.5.1/../../../../avr/lib/avr5/crtm32.o
 *(.init9)
 *(.text)
 .text          0x0000008e        0x4 c:/program files/atmel/avr studio 5.1/extensions/atmel/avrgcc/3.3.1.27/avrtoolchain/bin/../lib/gcc/avr/4.5.1/../../../../avr/lib/avr5/crtm32.o
                0x0000008e                __vector_12
                0x0000008e                __bad_interrupt
                0x0000008e                __vector_6
                0x0000008e                __vector_3
                0x0000008e                __vector_11
                0x0000008e                __vector_13
                0x0000008e                __vector_17
                0x0000008e                __vector_19
                0x0000008e                __vector_5
                0x0000008e                __vector_4
                0x0000008e                __vector_9
                0x0000008e                __vector_2
                0x0000008e                __vector_15
                0x0000008e                __vector_8
                0x0000008e                __vector_14
                0x0000008e                __vector_10
                0x0000008e                __vector_16
                0x0000008e                __vector_18
                0x0000008e                __vector_20
 .text          0x00000092      0x46e croutine.o
                0x00000092                xCoRoutineCreate
                0x0000019e                vCoRoutineAddToDelayedList
                0x00000222                vCoRoutineSchedule
                0x000004b2                xCoRoutineRemoveFromEventList
 .text          0x00000500       0x7e heap_1.o
                0x00000500                pvPortMalloc
                0x0000055c                vPortFree
                0x0000055e                vPortInitialiseBlocks
                0x00000568                xPortGetFreeHeapSize
 .text          0x0000057e      0x11a lcd_4bit.o
                0x0000057e                enableTrigger
                0x0000059c                lcd_sendCommand
                0x000005d0                lcd_init
                0x000005f2                lcd_displayChar
                0x00000626                lcd_gotoxy
                0x00000658                lcd_clrScreen
                0x00000660                lcd_dispString
                0x0000067e                lcd_disp_string_xy
 .text          0x00000698      0x13c list.o
                0x00000698                vListInitialise
                0x000006b4                vListInitialiseItem
                0x000006bc                vListInsertEnd
                0x0000070a                vListInsert
                0x00000788                vListRemove
 .text          0x000007d4      0x270 port.o
                0x000007d4                pxPortInitialiseStack
                0x0000086a                xPortStartScheduler
                0x000008d4                vPortEndScheduler
                0x000008d6                vPortYield
                0x00000988                vPortYieldFromTick
                0x00000a3e                __vector_7
 .text          0x00000a44      0x626 queue.o
                0x00000ba0                xQueueCreate
                0x00000c7e                xQueueCreateCountingSemaphore
                0x00000c98                xQueueGenericSend
                0x00000df0                xQueueGenericSendFromISR
                0x00000e48                xQueueGenericReceive
                0x00000fc6                xQueueReceiveFromISR
                0x00001020                uxQueueMessagesWaiting
                0x00001030                uxQueueMessagesWaitingFromISR
                0x00001036                vQueueDelete
                0x00001050                xQueueIsQueueEmptyFromISR
                0x0000105c                xQueueIsQueueFullFromISR
 .text          0x0000106a      0x108 RTOS_LAB2_ATMEGA32.o
                0x0000106a                TASK
                0x000010a6                main
                0x00001118                __vector_1
 .text          0x00001172      0xc32 tasks.o
                0x000011e0                xTaskGenericCreate
                0x00001412                vTaskDelete
                0x000014ae                xTaskIsTaskSuspended
                0x000014de                vTaskResume
                0x00001574                xTaskResumeFromISR
                0x00001612                vTaskStartScheduler
                0x00001668                vTaskEndScheduler
                0x00001674                vTaskSuspendAll
                0x00001680                xTaskGetTickCount
                0x00001698                xTaskGetTickCountFromISR
                0x000016a6                uxTaskGetNumberOfTasks
                0x000016ac                vTaskIncrementTick
                0x00001838                xTaskResumeAll
                0x000019ce                vTaskDelay
                0x00001a16                vTaskDelayUntil
                0x00001aaa                vTaskSwitchContext
                0x00001b86                vTaskSuspend
                0x00001c2a                vTaskPlaceOnEventList
                0x00001c82                xTaskRemoveFromEventList
                0x00001d0e                vTaskSetTimeOutState
                0x00001d24                xTaskCheckForTimeOut
                0x00001d9c                vTaskMissedYield
 .text          0x00001da4        0x0 timers.o
 .text          0x00001da4        0x0 c:/program files/atmel/avr studio 5.1/extensions/atmel/avrgcc/3.3.1.27/avrtoolchain/bin/../lib/gcc/avr/4.5.1/avr5\libgcc.a(_exit.o)
 .text          0x00001da4        0x0 c:/program files/atmel/avr studio 5.1/extensions/atmel/avrgcc/3.3.1.27/avrtoolchain/bin/../lib/gcc/avr/4.5.1/avr5\libgcc.a(_copy_data.o)
 .text          0x00001da4        0x0 c:/program files/atmel/avr studio 5.1/extensions/atmel/avrgcc/3.3.1.27/avrtoolchain/bin/../lib/gcc/avr/4.5.1/avr5\libgcc.a(_clear_bss.o)
 .text          0x00001da4        0x0 c:/program files/atmel/avr studio 5.1/extensions/atmel/avrgcc/3.3.1.27/avrtoolchain/bin/../lib/gcc/avr/4.5.1/../../../../avr/lib/avr5\libc.a(memcpy.o)
 .text          0x00001da4        0x0 c:/program files/atmel/avr studio 5.1/extensions/atmel/avrgcc/3.3.1.27/avrtoolchain/bin/../lib/gcc/avr/4.5.1/../../../../avr/lib/avr5\libc.a(memset.o)
 .text          0x00001da4        0x0 c:/program files/atmel/avr studio 5.1/extensions/atmel/avrgcc/3.3.1.27/avrtoolchain/bin/../lib/gcc/avr/4.5.1/../../../../avr/lib/avr5\libc.a(strncpy.o)
                0x00001da4                . = ALIGN (0x2)
 *(.text.*)
 .text.libgcc   0x00001da4        0x0 c:/program files/atmel/avr studio 5.1/extensions/atmel/avrgcc/3.3.1.27/avrtoolchain/bin/../lib/gcc/avr/4.5.1/avr5\libgcc.a(_exit.o)
 .text.libgcc   0x00001da4        0x0 c:/program files/atmel/avr studio 5.1/extensions/atmel/avrgcc/3.3.1.27/avrtoolchain/bin/../lib/gcc/avr/4.5.1/avr5\libgcc.a(_copy_data.o)
 .text.libgcc   0x00001da4        0x0 c:/program files/atmel/avr studio 5.1/extensions/atmel/avrgcc/3.3.1.27/avrtoolchain/bin/../lib/gcc/avr/4.5.1/avr5\libgcc.a(_clear_bss.o)
 .text.avr-libc
                0x00001da4       0x12 c:/program files/atmel/avr studio 5.1/extensions/atmel/avrgcc/3.3.1.27/avrtoolchain/bin/../lib/gcc/avr/4.5.1/../../../../avr/lib/avr5\libc.a(memcpy.o)
                0x00001da4                memcpy
 .text.avr-libc
                0x00001db6        0xe c:/program files/atmel/avr studio 5.1/extensions/atmel/avrgcc/3.3.1.27/avrtoolchain/bin/../lib/gcc/avr/4.5.1/../../../../avr/lib/avr5\libc.a(memset.o)
                0x00001db6                memset
 .text.avr-libc
                0x00001dc4       0x1e c:/program files/atmel/avr studio 5.1/extensions/atmel/avrgcc/3.3.1.27/avrtoolchain/bin/../lib/gcc/avr/4.5.1/../../../../avr/lib/avr5\libc.a(strncpy.o)
                0x00001dc4                strncpy
                0x00001de2                . = ALIGN (0x2)
 *(.fini9)
 .fini9         0x00001de2        0x0 c:/program files/atmel/avr studio 5.1/extensions/atmel/avrgcc/3.3.1.27/avrtoolchain/bin/../lib/gcc/avr/4.5.1/avr5\libgcc.a(_exit.o)
                0x00001de2                _exit
                0x00001de2                exit
 *(.fini9)
 *(.fini8)
 *(.fini8)
 *(.fini7)
 *(.fini7)
 *(.fini6)
 *(.fini6)
 *(.fini5)
 *(.fini5)
 *(.fini4)
 *(.fini4)
 *(.fini3)
 *(.fini3)
 *(.fini2)
 *(.fini2)
 *(.fini1)
 *(.fini1)
 *(.fini0)
 .fini0         0x00001de2        0x4 c:/program files/atmel/avr studio 5.1/extensions/atmel/avrgcc/3.3.1.27/avrtoolchain/bin/../lib/gcc/avr/4.5.1/avr5\libgcc.a(_exit.o)
 *(.fini0)
                0x00001de6                _etext = .

.data           0x00800060       0x1e load address 0x00001de6
                0x00800060                PROVIDE (__data_start, .)
 *(.data)
 .data          0x00800060        0x0 c:/program files/atmel/avr studio 5.1/extensions/atmel/avrgcc/3.3.1.27/avrtoolchain/bin/../lib/gcc/avr/4.5.1/../../../../avr/lib/avr5/crtm32.o
 .data          0x00800060        0x0 croutine.o
 .data          0x00800060        0x0 heap_1.o
 .data          0x00800060        0x0 lcd_4bit.o
 .data          0x00800060        0x0 list.o
 .data          0x00800060        0x0 port.o
 .data          0x00800060        0x0 queue.o
 .data          0x00800060       0x16 RTOS_LAB2_ATMEGA32.o
 .data          0x00800076        0x7 tasks.o
 .data          0x0080007d        0x0 timers.o
 .data          0x0080007d        0x0 c:/program files/atmel/avr studio 5.1/extensions/atmel/avrgcc/3.3.1.27/avrtoolchain/bin/../lib/gcc/avr/4.5.1/avr5\libgcc.a(_exit.o)
 .data          0x0080007d        0x0 c:/program files/atmel/avr studio 5.1/extensions/atmel/avrgcc/3.3.1.27/avrtoolchain/bin/../lib/gcc/avr/4.5.1/avr5\libgcc.a(_copy_data.o)
 .data          0x0080007d        0x0 c:/program files/atmel/avr studio 5.1/extensions/atmel/avrgcc/3.3.1.27/avrtoolchain/bin/../lib/gcc/avr/4.5.1/avr5\libgcc.a(_clear_bss.o)
 .data          0x0080007d        0x0 c:/program files/atmel/avr studio 5.1/extensions/atmel/avrgcc/3.3.1.27/avrtoolchain/bin/../lib/gcc/avr/4.5.1/../../../../avr/lib/avr5\libc.a(memcpy.o)
 .data          0x0080007d        0x0 c:/program files/atmel/avr studio 5.1/extensions/atmel/avrgcc/3.3.1.27/avrtoolchain/bin/../lib/gcc/avr/4.5.1/../../../../avr/lib/avr5\libc.a(memset.o)
 .data          0x0080007d        0x0 c:/program files/atmel/avr studio 5.1/extensions/atmel/avrgcc/3.3.1.27/avrtoolchain/bin/../lib/gcc/avr/4.5.1/../../../../avr/lib/avr5\libc.a(strncpy.o)
 *(.data*)
 *(.rodata)
 *(.rodata*)
 *(.gnu.linkonce.d*)
                0x0080007e                . = ALIGN (0x2)
 *fill*         0x0080007d        0x1 00
                0x0080007e                _edata = .
                0x0080007e                PROVIDE (__data_end, .)

.bss            0x0080007e      0x2e7
                0x0080007e                PROVIDE (__bss_start, .)
 *(.bss)
 .bss           0x0080007e        0x0 c:/program files/atmel/avr studio 5.1/extensions/atmel/avrgcc/3.3.1.27/avrtoolchain/bin/../lib/gcc/avr/4.5.1/../../../../avr/lib/avr5/crtm32.o
 .bss           0x0080007e       0x3a croutine.o
                0x0080007e                pxCurrentCoRoutine
 .bss           0x008000b8      0x25a heap_1.o
 .bss           0x00800312        0x0 lcd_4bit.o
 .bss           0x00800312        0x0 list.o
 .bss           0x00800312        0x0 port.o
 .bss           0x00800312        0x0 queue.o
 .bss           0x00800312        0x0 RTOS_LAB2_ATMEGA32.o
 .bss           0x00800312       0x51 tasks.o
                0x00800312                pxCurrentTCB
 .bss           0x00800363        0x0 timers.o
 .bss           0x00800363        0x0 c:/program files/atmel/avr studio 5.1/extensions/atmel/avrgcc/3.3.1.27/avrtoolchain/bin/../lib/gcc/avr/4.5.1/avr5\libgcc.a(_exit.o)
 .bss           0x00800363        0x0 c:/program files/atmel/avr studio 5.1/extensions/atmel/avrgcc/3.3.1.27/avrtoolchain/bin/../lib/gcc/avr/4.5.1/avr5\libgcc.a(_copy_data.o)
 .bss           0x00800363        0x0 c:/program files/atmel/avr studio 5.1/extensions/atmel/avrgcc/3.3.1.27/avrtoolchain/bin/../lib/gcc/avr/4.5.1/avr5\libgcc.a(_clear_bss.o)
 .bss           0x00800363        0x0 c:/program files/atmel/avr studio 5.1/extensions/atmel/avrgcc/3.3.1.27/avrtoolchain/bin/../lib/gcc/avr/4.5.1/../../../../avr/lib/avr5\libc.a(memcpy.o)
 .bss           0x00800363        0x0 c:/program files/atmel/avr studio 5.1/extensions/atmel/avrgcc/3.3.1.27/avrtoolchain/bin/../lib/gcc/avr/4.5.1/../../../../avr/lib/avr5\libc.a(memset.o)
 .bss           0x00800363        0x0 c:/program files/atmel/avr studio 5.1/extensions/atmel/avrgcc/3.3.1.27/avrtoolchain/bin/../lib/gcc/avr/4.5.1/../../../../avr/lib/avr5\libc.a(strncpy.o)
 *(.bss*)
 *(COMMON)
 COMMON         0x00800363        0x2 RTOS_LAB2_ATMEGA32.o
                0x00800363                task_sync_sem
                0x00800365                PROVIDE (__bss_end, .)
                0x00001de6                __data_load_start = LOADADDR (.data)
                0x00001e04                __data_load_end = (__data_load_start + SIZEOF (.data))

.noinit         0x00800365        0x0
                0x00800365                PROVIDE (__noinit_start, .)
 *(.noinit*)
                0x00800365                PROVIDE (__noinit_end, .)
                0x00800365                _end = .
                0x00800365                PROVIDE (__heap_start, .)

.eeprom         0x00810000        0x0
 *(.eeprom*)
                0x00810000                __eeprom_end = .

.fuse
 *(.fuse)
 *(.lfuse)
 *(.hfuse)
 *(.efuse)

.lock
 *(.lock*)

.signature
 *(.signature*)

.stab           0x00000000      0x888
 *(.stab)
 .stab          0x00000000      0x6cc c:/program files/atmel/avr studio 5.1/extensions/atmel/avrgcc/3.3.1.27/avrtoolchain/bin/../lib/gcc/avr/4.5.1/../../../../avr/lib/avr5/crtm32.o
 .stab          0x000006cc       0x84 c:/program files/atmel/avr studio 5.1/extensions/atmel/avrgcc/3.3.1.27/avrtoolchain/bin/../lib/gcc/avr/4.5.1/../../../../avr/lib/avr5\libc.a(memcpy.o)
                                 0x90 (size before relaxing)
 .stab          0x00000750       0x6c c:/program files/atmel/avr studio 5.1/extensions/atmel/avrgcc/3.3.1.27/avrtoolchain/bin/../lib/gcc/avr/4.5.1/../../../../avr/lib/avr5\libc.a(memset.o)
                                 0x78 (size before relaxing)
 .stab          0x000007bc       0xcc c:/program files/atmel/avr studio 5.1/extensions/atmel/avrgcc/3.3.1.27/avrtoolchain/bin/../lib/gcc/avr/4.5.1/../../../../avr/lib/avr5\libc.a(strncpy.o)
                                 0xd8 (size before relaxing)

.stabstr        0x00000000      0x1d8
 *(.stabstr)
 .stabstr       0x00000000      0x1d8 c:/program files/atmel/avr studio 5.1/extensions/atmel/avrgcc/3.3.1.27/avrtoolchain/bin/../lib/gcc/avr/4.5.1/../../../../avr/lib/avr5/crtm32.o

.stab.excl
 *(.stab.excl)

.stab.exclstr
 *(.stab.exclstr)

.stab.index
 *(.stab.index)

.stab.indexstr
 *(.stab.indexstr)

.comment
 *(.comment)

.debug
 *(.debug)

.line
 *(.line)

.debug_srcinfo
 *(.debug_srcinfo)

.debug_sfnames
 *(.debug_sfnames)

.debug_aranges  0x00000000      0x100
 *(.debug_aranges)
 .debug_aranges
                0x00000000       0x20 croutine.o
 .debug_aranges
                0x00000020       0x20 heap_1.o
 .debug_aranges
                0x00000040       0x20 lcd_4bit.o
 .debug_aranges
                0x00000060       0x20 list.o
 .debug_aranges
                0x00000080       0x20 port.o
 .debug_aranges
                0x000000a0       0x20 queue.o
 .debug_aranges
                0x000000c0       0x20 RTOS_LAB2_ATMEGA32.o
 .debug_aranges
                0x000000e0       0x20 tasks.o

.debug_pubnames
                0x00000000      0x623
 *(.debug_pubnames)
 .debug_pubnames
                0x00000000       0x96 croutine.o
 .debug_pubnames
                0x00000096       0x64 heap_1.o
 .debug_pubnames
                0x000000fa       0xa4 lcd_4bit.o
 .debug_pubnames
                0x0000019e       0x71 list.o
 .debug_pubnames
                0x0000020f       0x8f port.o
 .debug_pubnames
                0x0000029e      0x133 queue.o
 .debug_pubnames
                0x000003d1       0x45 RTOS_LAB2_ATMEGA32.o
 .debug_pubnames
                0x00000416      0x20d tasks.o

.debug_info     0x00000000     0x24e3
 *(.debug_info)
 .debug_info    0x00000000      0x51f croutine.o
 .debug_info    0x0000051f      0x16a heap_1.o
 .debug_info    0x00000689      0x302 lcd_4bit.o
 .debug_info    0x0000098b      0x2a7 list.o
 .debug_info    0x00000c32      0x1e1 port.o
 .debug_info    0x00000e13      0x7ca queue.o
 .debug_info    0x000015dd      0x1e3 RTOS_LAB2_ATMEGA32.o
 .debug_info    0x000017c0      0xcb7 tasks.o
 .debug_info    0x00002477       0x6c timers.o
 *(.gnu.linkonce.wi.*)

.debug_abbrev   0x00000000      0xba0
 *(.debug_abbrev)
 .debug_abbrev  0x00000000      0x1dc croutine.o
 .debug_abbrev  0x000001dc      0x10b heap_1.o
 .debug_abbrev  0x000002e7      0x166 lcd_4bit.o
 .debug_abbrev  0x0000044d       0xd4 list.o
 .debug_abbrev  0x00000521      0x113 port.o
 .debug_abbrev  0x00000634      0x1ad queue.o
 .debug_abbrev  0x000007e1      0x159 RTOS_LAB2_ATMEGA32.o
 .debug_abbrev  0x0000093a      0x23c tasks.o
 .debug_abbrev  0x00000b76       0x2a timers.o

.debug_line     0x00000000     0x21e7
 *(.debug_line)
 .debug_line    0x00000000      0x32c croutine.o
 .debug_line    0x0000032c      0x15a heap_1.o
 .debug_line    0x00000486      0x3bc lcd_4bit.o
 .debug_line    0x00000842      0x1b6 list.o
 .debug_line    0x000009f8      0x32e port.o
 .debug_line    0x00000d26      0x748 queue.o
 .debug_line    0x0000146e      0x263 RTOS_LAB2_ATMEGA32.o
 .debug_line    0x000016d1      0xad8 tasks.o
 .debug_line    0x000021a9       0x3e timers.o

.debug_frame    0x00000000      0x4c0
 *(.debug_frame)
 .debug_frame   0x00000000       0x50 croutine.o
 .debug_frame   0x00000050       0x50 heap_1.o
 .debug_frame   0x000000a0       0x90 lcd_4bit.o
 .debug_frame   0x00000130       0x60 list.o
 .debug_frame   0x00000190       0x70 port.o
 .debug_frame   0x00000200       0xf0 queue.o
 .debug_frame   0x000002f0       0x40 RTOS_LAB2_ATMEGA32.o
 .debug_frame   0x00000330      0x190 tasks.o

.debug_str      0x00000000      0xfe1
 *(.debug_str)
 .debug_str     0x00000000      0x3d6 croutine.o
                                0x41d (size before relaxing)
 .debug_str     0x000003d6       0x9a heap_1.o
                                0x169 (size before relaxing)
 .debug_str     0x00000470      0x115 lcd_4bit.o
                                0x1d1 (size before relaxing)
 .debug_str     0x00000585       0x9f list.o
                                0x1f9 (size before relaxing)
 .debug_str     0x00000624       0xe3 port.o
                                0x1c7 (size before relaxing)
 .debug_str     0x00000707      0x335 queue.o
                                0x4c7 (size before relaxing)
 .debug_str     0x00000a3c       0x4e RTOS_LAB2_ATMEGA32.o
                                0x1b2 (size before relaxing)
 .debug_str     0x00000a8a      0x549 tasks.o
                                0x7a9 (size before relaxing)
 .debug_str     0x00000fd3        0xe timers.o
                                 0xdd (size before relaxing)

.debug_loc      0x00000000     0x17ee
 *(.debug_loc)
 .debug_loc     0x00000000      0x21c croutine.o
 .debug_loc     0x0000021c       0x78 heap_1.o
 .debug_loc     0x00000294      0x21f lcd_4bit.o
 .debug_loc     0x000004b3      0x120 list.o
 .debug_loc     0x000005d3      0x2d0 port.o
 .debug_loc     0x000008a3      0x602 queue.o
 .debug_loc     0x00000ea5       0x18 RTOS_LAB2_ATMEGA32.o
 .debug_loc     0x00000ebd      0x931 tasks.o

.debug_macinfo
 *(.debug_macinfo)
OUTPUT(RTOS_LAB2_ATMEGA32.elf elf32-avr)
LOAD linker stubs

.debug_pubtypes
                0x00000000      0x44b
 .debug_pubtypes
                0x00000000       0xcd croutine.o
 .debug_pubtypes
                0x000000cd       0x2c heap_1.o
 .debug_pubtypes
                0x000000f9       0x38 lcd_4bit.o
 .debug_pubtypes
                0x00000131       0x7a list.o
 .debug_pubtypes
                0x000001ab       0x3f port.o
 .debug_pubtypes
                0x000001ea       0xd4 queue.o
 .debug_pubtypes
                0x000002be       0x6f RTOS_LAB2_ATMEGA32.o
 .debug_pubtypes
                0x0000032d      0x10c tasks.o
 .debug_pubtypes
                0x00000439       0x12 timers.o

.debug_ranges   0x00000000       0x90
 .debug_ranges  0x00000000       0x18 croutine.o
 .debug_ranges  0x00000018       0x78 tasks.o
